// Jest Snapshot v1, https://goo.gl/fbAQLP

exports[`Draft renders nothing when \`display\` is false 1`] = `<div />`;
