// Jest Snapshot v1, https://goo.gl/fbAQLP

exports[`Education renders nothing when \`display\` is false 1`] = `<div />`;
